[2026-08-25 22:32:39] ========================================================================================
[2026-08-25 22:32:39] revision experiments: 31 legs, 32,451 runs, 15 workers
[2026-08-25 22:32:39] resumable -- re-run this exact command after any interruption
[2026-08-25 22:32:39] ========================================================================================
[2026-08-25 22:32:39] [1/31] E1 (R2.3) -- coordinate-basis final polish at the shipped configuration
[2026-08-25 22:32:39]     0/2,958 runs present; resuming
[2026-08-25 22:32:39]     $ run_e1_basis_contrast.py --workers 15
[2026-08-26 01:04:51]     done in 152.2 min (2,958/2,958)
[2026-08-26 01:04:51] [2/31] E2 (R1.3/R2.2) -- DT-GSK at NP = 100 (comparator value); NLPSR floor left at tier value
[2026-08-26 01:04:51]     0/5,916 runs present; resuming
[2026-08-26 01:04:51]     $ --config results\_revision\_configs\e2_np100_cec2017.yml --root . --workers 15
[2026-08-26 05:41:42]     done in 276.8 min (5,916/5,916)
[2026-08-26 05:41:42] [3/31] E3-low (R2.1) -- tier-constant arm: the D=10 parameter set applied at every D
[2026-08-26 05:41:42]     0/5,916 runs present; resuming
[2026-08-26 05:41:42]     $ --config results\_revision\_configs\e3_uniform_low_cec2017.yml --root . --workers 15
[2026-08-26 08:54:48]     done in 193.1 min (5,916/5,916)
[2026-08-26 08:54:48] [4/31] E3-high (R2.1) -- tier-constant arm: the D=100 parameter set applied at every D
[2026-08-26 08:54:48]     0/5,916 runs present; resuming
[2026-08-26 08:54:48]     $ --config results\_revision\_configs\e3_uniform_high_cec2017.yml --root . --workers 15
[2026-08-26 11:43:06]     done in 168.3 min (5,916/5,916)
[2026-08-26 11:43:06] [5/31] E4:ace_learning_rate:lo:D30 (R2.7) -- ace_learning_rate 0.1 -> 0.08 at D=30
[2026-08-26 11:43:06]     0/435 runs present; resuming
[2026-08-26 11:43:06]     $ --config results\_revision\_configs\e4_ace_learning_rate_lo_D30.yml --root . --workers 15
[2026-08-26 11:53:26]     done in 10.3 min (435/435)
[2026-08-26 11:53:26] [6/31] E4:ace_learning_rate:hi:D30 (R2.7) -- ace_learning_rate 0.1 -> 0.12 at D=30
[2026-08-26 11:53:26]     0/435 runs present; resuming
[2026-08-26 11:53:26]     $ --config results\_revision\_configs\e4_ace_learning_rate_hi_D30.yml --root . --workers 15
[2026-08-26 12:03:54]     done in 10.5 min (435/435)
[2026-08-26 12:03:54] [7/31] E4:ace_learning_rate:lo:D100 (R2.7) -- ace_learning_rate 0.1 -> 0.08 at D=100
[2026-08-26 12:03:54]     0/435 runs present; resuming
[2026-08-26 12:03:54]     $ --config results\_revision\_configs\e4_ace_learning_rate_lo_D100.yml --root . --workers 15
[2026-08-26 12:33:01]     done in 29.1 min (435/435)
[2026-08-26 12:33:01] [8/31] E4:ace_learning_rate:hi:D100 (R2.7) -- ace_learning_rate 0.1 -> 0.12 at D=100
[2026-08-26 12:33:01]     0/435 runs present; resuming
[2026-08-26 12:33:01]     $ --config results\_revision\_configs\e4_ace_learning_rate_hi_D100.yml --root . --workers 15
[2026-08-26 13:02:02]     done in 29.0 min (435/435)
[2026-08-26 13:02:02] [9/31] E4:argp_threshold:lo:D30 (R2.7) -- argp_threshold 0.02 -> 0.016 at D=30
[2026-08-26 13:02:02]     0/435 runs present; resuming
[2026-08-26 13:02:02]     $ --config results\_revision\_configs\e4_argp_threshold_lo_D30.yml --root . --workers 15
[2026-08-26 13:12:21]     done in 10.3 min (435/435)
[2026-08-26 13:12:21] [10/31] E4:argp_threshold:hi:D30 (R2.7) -- argp_threshold 0.02 -> 0.024 at D=30
[2026-08-26 13:12:21]     0/435 runs present; resuming
[2026-08-26 13:12:21]     $ --config results\_revision\_configs\e4_argp_threshold_hi_D30.yml --root . --workers 15
[2026-08-26 13:22:45]     done in 10.4 min (435/435)
[2026-08-26 13:22:45] [11/31] E4:argp_threshold:lo:D100 (R2.7) -- argp_threshold 0.01 -> 0.016 at D=100
[2026-08-26 13:22:45]     0/435 runs present; resuming
[2026-08-26 13:22:45]     $ --config results\_revision\_configs\e4_argp_threshold_lo_D100.yml --root . --workers 15
[2026-08-26 13:51:46]     done in 29.0 min (435/435)
[2026-08-26 13:51:46] [12/31] E4:argp_threshold:hi:D100 (R2.7) -- argp_threshold 0.01 -> 0.024 at D=100
[2026-08-26 13:51:46]     0/435 runs present; resuming
[2026-08-26 13:51:46]     $ --config results\_revision\_configs\e4_argp_threshold_hi_D100.yml --root . --workers 15
[2026-08-26 14:22:06]     done in 30.3 min (435/435)
[2026-08-26 14:22:06] [13/31] E4:bse_restart_frac:lo:D30 (R2.7) -- bse_restart_frac 0.3 -> 0.24 at D=30
[2026-08-26 14:22:06]     0/435 runs present; resuming
[2026-08-26 14:22:06]     $ --config results\_revision\_configs\e4_bse_restart_frac_lo_D30.yml --root . --workers 15
[2026-08-26 14:32:37]     done in 10.5 min (435/435)
[2026-08-26 14:32:37] [14/31] E4:bse_restart_frac:hi:D30 (R2.7) -- bse_restart_frac 0.3 -> 0.36 at D=30
[2026-08-26 14:32:37]     0/435 runs present; resuming
[2026-08-26 14:32:37]     $ --config results\_revision\_configs\e4_bse_restart_frac_hi_D30.yml --root . --workers 15
[2026-08-26 14:42:55]     done in 10.3 min (435/435)
[2026-08-26 14:42:55] [15/31] E4:bse_restart_frac:lo:D100 (R2.7) -- bse_restart_frac 0.1 -> 0.24 at D=100
[2026-08-26 14:42:55]     0/435 runs present; resuming
[2026-08-26 14:42:55]     $ --config results\_revision\_configs\e4_bse_restart_frac_lo_D100.yml --root . --workers 15
[2026-08-26 15:11:50]     done in 28.9 min (435/435)
[2026-08-26 15:11:50] [16/31] E4:bse_restart_frac:hi:D100 (R2.7) -- bse_restart_frac 0.1 -> 0.36 at D=100
[2026-08-26 15:11:50]     0/435 runs present; resuming
[2026-08-26 15:11:50]     $ --config results\_revision\_configs\e4_bse_restart_frac_hi_D100.yml --root . --workers 15
[2026-08-26 15:40:52]     done in 29.0 min (435/435)
[2026-08-26 15:40:52] [17/31] E4:n_min:lo:D30 (R2.7) -- n_min 12 -> 11 at D=30
[2026-08-26 15:40:52]     0/435 runs present; resuming
[2026-08-26 15:40:52]     $ --config results\_revision\_configs\e4_n_min_lo_D30.yml --root . --workers 15
[2026-08-26 15:51:34]     done in 10.7 min (435/435)
[2026-08-26 15:51:34] [18/31] E4:n_min:hi:D30 (R2.7) -- n_min 12 -> 13 at D=30
[2026-08-26 15:51:34]     0/435 runs present; resuming
[2026-08-26 15:51:34]     $ --config results\_revision\_configs\e4_n_min_hi_D30.yml --root . --workers 15
[2026-08-26 16:01:35]     done in 10.0 min (435/435)
[2026-08-26 16:01:35] [19/31] E4:n_min:lo:D100 (R2.7) -- n_min 25 -> 24 at D=100
[2026-08-26 16:01:35]     0/435 runs present; resuming
[2026-08-26 16:01:35]     $ --config results\_revision\_configs\e4_n_min_lo_D100.yml --root . --workers 15
[2026-08-26 16:30:50]     done in 29.2 min (435/435)
[2026-08-26 16:30:50] [20/31] E4:n_min:hi:D100 (R2.7) -- n_min 25 -> 26 at D=100
[2026-08-26 16:30:50]     0/435 runs present; resuming
[2026-08-26 16:30:50]     $ --config results\_revision\_configs\e4_n_min_hi_D100.yml --root . --workers 15
[2026-08-26 16:59:03]     done in 28.2 min (435/435)
[2026-08-26 16:59:03] [21/31] E4:local_search_eval_budget_frac:lo:D30 (R2.7) -- local_search_eval_budget_frac 0.01 -> 0.008 at D=30
[2026-08-26 16:59:03]     0/435 runs present; resuming
[2026-08-26 16:59:03]     $ --config results\_revision\_configs\e4_local_search_eval_budget_frac_lo_D30.yml --root . --workers 15
[2026-08-26 17:09:42]     done in 10.6 min (435/435)
[2026-08-26 17:09:42] [22/31] E4:local_search_eval_budget_frac:hi:D30 (R2.7) -- local_search_eval_budget_frac 0.01 -> 0.012 at D=30
[2026-08-26 17:09:42]     0/435 runs present; resuming
[2026-08-26 17:09:42]     $ --config results\_revision\_configs\e4_local_search_eval_budget_frac_hi_D30.yml --root . --workers 15
[2026-08-26 17:20:10]     done in 10.5 min (435/435)
[2026-08-26 17:20:10] [23/31] E4:local_search_eval_budget_frac:lo:D100 (R2.7) -- local_search_eval_budget_frac 0.02 -> 0.008 at D=100
[2026-08-26 17:20:10]     0/435 runs present; resuming
[2026-08-26 17:20:10]     $ --config results\_revision\_configs\e4_local_search_eval_budget_frac_lo_D100.yml --root . --workers 15
[2026-08-26 17:49:08]     done in 29.0 min (435/435)
[2026-08-26 17:49:08] [24/31] E4:local_search_eval_budget_frac:hi:D100 (R2.7) -- local_search_eval_budget_frac 0.02 -> 0.012 at D=100
[2026-08-26 17:49:08]     0/435 runs present; resuming
[2026-08-26 17:49:08]     $ --config results\_revision\_configs\e4_local_search_eval_budget_frac_hi_D100.yml --root . --workers 15
[2026-08-26 18:18:18]     done in 29.2 min (435/435)
[2026-08-26 18:18:18] [25/31] E4:local_search_elite_count:lo:D30 (R2.7) -- local_search_elite_count 3 -> 2 at D=30
[2026-08-26 18:18:18]     0/435 runs present; resuming
[2026-08-26 18:18:18]     $ --config results\_revision\_configs\e4_local_search_elite_count_lo_D30.yml --root . --workers 15
[2026-08-26 18:28:46]     done in 10.5 min (435/435)
[2026-08-26 18:28:46] [26/31] E4:local_search_elite_count:hi:D30 (R2.7) -- local_search_elite_count 3 -> 4 at D=30
[2026-08-26 18:28:46]     0/435 runs present; resuming
[2026-08-26 18:28:46]     $ --config results\_revision\_configs\e4_local_search_elite_count_hi_D30.yml --root . --workers 15
[2026-08-26 18:39:00]     done in 10.2 min (435/435)
[2026-08-26 18:39:00] [27/31] E4:local_search_elite_count:lo:D100 (R2.7) -- local_search_elite_count 2 -> 1 at D=100
[2026-08-26 18:39:00]     0/435 runs present; resuming
[2026-08-26 18:39:00]     $ --config results\_revision\_configs\e4_local_search_elite_count_lo_D100.yml --root . --workers 15
[2026-08-26 19:07:26]     done in 28.4 min (435/435)
[2026-08-26 19:07:26] [28/31] E4:local_search_elite_count:hi:D100 (R2.7) -- local_search_elite_count 2 -> 3 at D=100
[2026-08-26 19:07:26]     0/435 runs present; resuming
[2026-08-26 19:07:26]     $ --config results\_revision\_configs\e4_local_search_elite_count_hi_D100.yml --root . --workers 15
[2026-08-26 19:36:32]     done in 29.1 min (435/435)
[2026-08-26 19:36:32] [29/31] E4:interaction_update_period:hi:D30 (R2.7) -- interaction_update_period 1 -> 2 at D=30
[2026-08-26 19:36:32]     0/435 runs present; resuming
[2026-08-26 19:36:32]     $ --config results\_revision\_configs\e4_interaction_update_period_hi_D30.yml --root . --workers 15
[2026-08-26 19:47:16]     done in 10.7 min (435/435)
[2026-08-26 19:47:16] [30/31] E4:interaction_update_period:lo:D100 (R2.7) -- interaction_update_period 10 -> 9 at D=100
[2026-08-26 19:47:16]     0/435 runs present; resuming
[2026-08-26 19:47:16]     $ --config results\_revision\_configs\e4_interaction_update_period_lo_D100.yml --root . --workers 15
[2026-08-26 20:15:49]     done in 28.5 min (435/435)
[2026-08-26 20:15:49] [31/31] E4:interaction_update_period:hi:D100 (R2.7) -- interaction_update_period 10 -> 11 at D=100
[2026-08-26 20:15:49]     0/435 runs present; resuming
[2026-08-26 20:15:49]     $ --config results\_revision\_configs\e4_interaction_update_period_hi_D100.yml --root . --workers 15
[2026-08-26 20:44:08]     done in 28.3 min (435/435)
[2026-08-26 20:44:08] ========================================================================================
[2026-08-26 20:44:08] finished in 22.19 h
[2026-08-26 20:44:08] all legs complete.
[2026-08-26 20:44:08] results staged under results/_revision/ -- promotion is a separate step.
[2026-08-26 20:44:08] ========================================================================================
