CEC2011 family-overlay convergence -- disclosure log
Aggregation (P2): per-checkpoint mean across all runs per algorithm, from benchmarks/cec_reference_results/ gen_logs.
Display-only log floor for exact zeros: 1e-14 (never enters any reported statistic).

== Missing curves (disclosed absences; never fabricated) ==
  (none -- all panels carry the full 7-algorithm family overlay)

== Per-panel series counts ==
  cec2011_a:F1_D6: 7/7
  cec2011_a:F2_D30: 7/7
  cec2011_a:F3_D1: 7/7
  cec2011_a:F4_D1: 7/7
  cec2011_a:F5_D30: 7/7
  cec2011_a:F6_D30: 7/7
  cec2011_a:F7_D20: 7/7
  cec2011_a:F8_D7: 7/7
  cec2011_b:F10_D12: 7/7
  cec2011_b:F11_D120: 7/7
  cec2011_b:F12_D240: 7/7
  cec2011_b:F13_D6: 7/7
  cec2011_b:F14_D13: 7/7
  cec2011_b:F15_D15: 7/7
  cec2011_b:F16_D40: 7/7
  cec2011_b:F9_D126: 7/7
  cec2011_c:F17_D140: 7/7
  cec2011_c:F18_D96: 7/7
  cec2011_c:F19_D96: 7/7
  cec2011_c:F20_D96: 7/7
  cec2011_c:F21_D26: 7/7
  cec2011_c:F22_D22: 7/7
