CEC2013 D=30 family-overlay convergence -- disclosure log
Aggregation (P2): per-checkpoint mean across all runs per algorithm, from benchmarks/cec_reference_results/ gen_logs.
Display-only log floor for exact zeros: 1e-14 (never enters any reported statistic).

== Missing curves (disclosed absences; never fabricated) ==
  (none -- all panels carry the full 7-algorithm family overlay)

== Per-panel series counts ==
  cec2013_a:F1_D30: 7/7
  cec2013_a:F2_D30: 7/7
  cec2013_a:F3_D30: 7/7
  cec2013_a:F4_D30: 7/7
  cec2013_a:F5_D30: 7/7
  cec2013_a:F6_D30: 7/7
  cec2013_a:F7_D30: 7/7
  cec2013_a:F8_D30: 7/7
  cec2013_b:F10_D30: 7/7
  cec2013_b:F11_D30: 7/7
  cec2013_b:F12_D30: 7/7
  cec2013_b:F13_D30: 7/7
  cec2013_b:F14_D30: 7/7
  cec2013_b:F15_D30: 7/7
  cec2013_b:F16_D30: 7/7
  cec2013_b:F9_D30: 7/7
  cec2013_c:F17_D30: 7/7
  cec2013_c:F18_D30: 7/7
  cec2013_c:F19_D30: 7/7
  cec2013_c:F20_D30: 7/7
  cec2013_c:F21_D30: 7/7
  cec2013_c:F22_D30: 7/7
  cec2013_c:F23_D30: 7/7
  cec2013_c:F24_D30: 7/7
  cec2013_d:F25_D30: 7/7
  cec2013_d:F26_D30: 7/7
  cec2013_d:F27_D30: 7/7
  cec2013_d:F28_D30: 7/7
