CEC2017 family-overlay convergence -- disclosure log
Aggregation (P2): per-checkpoint mean across all runs per algorithm, from benchmarks/cec_reference_results/ gen_logs.
Display-only log floor for exact zeros: 1e-14 (never enters any reported statistic).

== Missing curves (disclosed absences; never fabricated) ==
  (none -- all panels carry the full 7-algorithm family overlay)

== Per-panel series counts ==
  all_funcs_D100_a:F1_D100: 7/7
  all_funcs_D100_a:F3_D100: 7/7
  all_funcs_D100_a:F4_D100: 7/7
  all_funcs_D100_a:F5_D100: 7/7
  all_funcs_D100_a:F6_D100: 7/7
  all_funcs_D100_a:F7_D100: 7/7
  all_funcs_D100_a:F8_D100: 7/7
  all_funcs_D100_a:F9_D100: 7/7
  all_funcs_D100_b:F10_D100: 7/7
  all_funcs_D100_b:F11_D100: 7/7
  all_funcs_D100_b:F12_D100: 7/7
  all_funcs_D100_b:F13_D100: 7/7
  all_funcs_D100_b:F14_D100: 7/7
  all_funcs_D100_b:F15_D100: 7/7
  all_funcs_D100_b:F16_D100: 7/7
  all_funcs_D100_b:F17_D100: 7/7
  all_funcs_D100_c:F18_D100: 7/7
  all_funcs_D100_c:F19_D100: 7/7
  all_funcs_D100_c:F20_D100: 7/7
  all_funcs_D100_c:F21_D100: 7/7
  all_funcs_D100_c:F22_D100: 7/7
  all_funcs_D100_c:F23_D100: 7/7
  all_funcs_D100_c:F24_D100: 7/7
  all_funcs_D100_c:F25_D100: 7/7
  all_funcs_D100_d:F26_D100: 7/7
  all_funcs_D100_d:F27_D100: 7/7
  all_funcs_D100_d:F28_D100: 7/7
  all_funcs_D100_d:F29_D100: 7/7
  all_funcs_D100_d:F30_D100: 7/7
  all_funcs_D10_a:F1_D10: 7/7
  all_funcs_D10_a:F3_D10: 7/7
  all_funcs_D10_a:F4_D10: 7/7
  all_funcs_D10_a:F5_D10: 7/7
  all_funcs_D10_a:F6_D10: 7/7
  all_funcs_D10_a:F7_D10: 7/7
  all_funcs_D10_a:F8_D10: 7/7
  all_funcs_D10_a:F9_D10: 7/7
  all_funcs_D10_b:F10_D10: 7/7
  all_funcs_D10_b:F11_D10: 7/7
  all_funcs_D10_b:F12_D10: 7/7
  all_funcs_D10_b:F13_D10: 7/7
  all_funcs_D10_b:F14_D10: 7/7
  all_funcs_D10_b:F15_D10: 7/7
  all_funcs_D10_b:F16_D10: 7/7
  all_funcs_D10_b:F17_D10: 7/7
  all_funcs_D10_c:F18_D10: 7/7
  all_funcs_D10_c:F19_D10: 7/7
  all_funcs_D10_c:F20_D10: 7/7
  all_funcs_D10_c:F21_D10: 7/7
  all_funcs_D10_c:F22_D10: 7/7
  all_funcs_D10_c:F23_D10: 7/7
  all_funcs_D10_c:F24_D10: 7/7
  all_funcs_D10_c:F25_D10: 7/7
  all_funcs_D10_d:F26_D10: 7/7
  all_funcs_D10_d:F27_D10: 7/7
  all_funcs_D10_d:F28_D10: 7/7
  all_funcs_D10_d:F29_D10: 7/7
  all_funcs_D10_d:F30_D10: 7/7
  all_funcs_D30_a:F1_D30: 7/7
  all_funcs_D30_a:F3_D30: 7/7
  all_funcs_D30_a:F4_D30: 7/7
  all_funcs_D30_a:F5_D30: 7/7
  all_funcs_D30_a:F6_D30: 7/7
  all_funcs_D30_a:F7_D30: 7/7
  all_funcs_D30_a:F8_D30: 7/7
  all_funcs_D30_a:F9_D30: 7/7
  all_funcs_D30_b:F10_D30: 7/7
  all_funcs_D30_b:F11_D30: 7/7
  all_funcs_D30_b:F12_D30: 7/7
  all_funcs_D30_b:F13_D30: 7/7
  all_funcs_D30_b:F14_D30: 7/7
  all_funcs_D30_b:F15_D30: 7/7
  all_funcs_D30_b:F16_D30: 7/7
  all_funcs_D30_b:F17_D30: 7/7
  all_funcs_D30_c:F18_D30: 7/7
  all_funcs_D30_c:F19_D30: 7/7
  all_funcs_D30_c:F20_D30: 7/7
  all_funcs_D30_c:F21_D30: 7/7
  all_funcs_D30_c:F22_D30: 7/7
  all_funcs_D30_c:F23_D30: 7/7
  all_funcs_D30_c:F24_D30: 7/7
  all_funcs_D30_c:F25_D30: 7/7
  all_funcs_D30_d:F26_D30: 7/7
  all_funcs_D30_d:F27_D30: 7/7
  all_funcs_D30_d:F28_D30: 7/7
  all_funcs_D30_d:F29_D30: 7/7
  all_funcs_D30_d:F30_D30: 7/7
  all_funcs_D50_a:F1_D50: 7/7
  all_funcs_D50_a:F3_D50: 7/7
  all_funcs_D50_a:F4_D50: 7/7
  all_funcs_D50_a:F5_D50: 7/7
  all_funcs_D50_a:F6_D50: 7/7
  all_funcs_D50_a:F7_D50: 7/7
  all_funcs_D50_a:F8_D50: 7/7
  all_funcs_D50_a:F9_D50: 7/7
  all_funcs_D50_b:F10_D50: 7/7
  all_funcs_D50_b:F11_D50: 7/7
  all_funcs_D50_b:F12_D50: 7/7
  all_funcs_D50_b:F13_D50: 7/7
  all_funcs_D50_b:F14_D50: 7/7
  all_funcs_D50_b:F15_D50: 7/7
  all_funcs_D50_b:F16_D50: 7/7
  all_funcs_D50_b:F17_D50: 7/7
  all_funcs_D50_c:F18_D50: 7/7
  all_funcs_D50_c:F19_D50: 7/7
  all_funcs_D50_c:F20_D50: 7/7
  all_funcs_D50_c:F21_D50: 7/7
  all_funcs_D50_c:F22_D50: 7/7
  all_funcs_D50_c:F23_D50: 7/7
  all_funcs_D50_c:F24_D50: 7/7
  all_funcs_D50_c:F25_D50: 7/7
  all_funcs_D50_d:F26_D50: 7/7
  all_funcs_D50_d:F27_D50: 7/7
  all_funcs_D50_d:F28_D50: 7/7
  all_funcs_D50_d:F29_D50: 7/7
  all_funcs_D50_d:F30_D50: 7/7
  main_cec2017_D100:F12_D100: 7/7
  main_cec2017_D100:F1_D100: 7/7
  main_cec2017_D100:F26_D100: 7/7
  main_cec2017_D100:F5_D100: 7/7
  main_cec2017_D30:F10_D30: 7/7
  main_cec2017_D30:F12_D30: 7/7
  main_cec2017_D30:F26_D30: 7/7
  main_cec2017_D30:F3_D30: 7/7
